<html>
<body>
<pre>
<h1>µVision Build Log</h1>
<h2>Tool Versions:</h2>
IDE-Version: µVision V5.24.2.0
Copyright (C) 2017 ARM Ltd and ARM Germany GmbH. All rights reserved.
License Information: a Microsoft, Microsoft, LIC=32B2Z-J1H8S-X78RZ-JX97K-Y6SJL-IMQCI
 
Tool Versions:
Toolchain:       MDK-ARM Plus  Version: 5.24.1
Toolchain Path:  E:\Keil_v5\ARM\ARMCC\Bin
C Compiler:      Armcc.exe V5.06 update 5 (build 528)
Assembler:       Armasm.exe V5.06 update 5 (build 528)
Linker/Locator:  ArmLink.exe V5.06 update 5 (build 528)
Library Manager: ArmAr.exe V5.06 update 5 (build 528)
Hex Converter:   FromElf.exe V5.06 update 5 (build 528)
CPU DLL:         SARMCM3.DLL V5.24.1
Dialog DLL:      DCM.DLL V1.16.0.0
Target DLL:      STLink\ST-LINKIII-KEIL_SWO.dll V3.0.1.0
Dialog DLL:      TCM.DLL V1.32.0.0
 
<h2>Project:</h2>
C:\Users\HN\Desktop\FREERTOS_Queue_structData\Project\RVMDK\ISO-STM32.uvprojx
Project File Date:  03/04/2018

<h2>Output:</h2>
*** Using Compiler 'V5.06 update 5 (build 528)', folder: 'E:\Keil_v5\ARM\ARMCC\Bin'
Build target '???'
compiling main.c...
..\..\User\main.c(38): warning:  #177-D: variable "x"  was declared but never referenced
  	uint8_t x;
..\..\User\main.c(47): warning:  #177-D: variable "x"  was declared but never referenced
  { uint8_t x;
..\..\User\main.c(87): warning:  #223-D: function "sprintf" declared implicitly
  				sprintf(buff,"Data Receive Mean=%d,Value=%d\n\r",xDataStruct.iMeaning,xDataStruct.iValue);
..\..\User\main.c(88): warning:  #167-D: argument of type "char *" is incompatible with parameter of type "uint8_t *"
  				USARTx_SendString(
SART1,buff);
..\..\User\main.c(75): warning:  #177-D: variable "xTicksToWait"  was declared but never referenced
  	const portTickType xTicksToWait=100/portTICK_RATE_MS;
..\..\User\main.c(111): warning:  #223-D: function "sprintf" declared implicitly
  			sprintf(buff,"Rec=%d\n\r",i_Rec);
..\..\User\main.c(112): warning:  #167-D: argument of type "char *" is incompatible with parameter of type "uint8_t *"
  			USARTx_SendString(
SART1,buff);
..\..\User\main.c: 7 warnings, 0 errors
linking...
Program Size: Code=6112 RO-data=336 RW-data=148 ZI-data=18636  
".\Objects\ISO-STM32.axf" - 0 Error(s), 7 Warning(s).

<h2>Software Packages used:</h2>

Package Vendor: Keil
                http://www.keil.com/pack/Keil.STM32F1xx_DFP.2.2.0.pack
                Keil.STM32F1xx_DFP.2.2.0
                STMicroelectronics STM32F1 Series Device Support, Drivers and Examples

<h2>Collection of Component include folders:</h2>
  .\RTE\_xxx
  E:\Keil_v5\ARM\PACK\Keil\STM32F1xx_DFP\2.2.0\Device\Include

<h2>Collection of Component Files used:</h2>
Build Time Elapsed:  00:00:01
</pre>
</body>
</html>
